<?xml version="1.0" encoding="UTF-8"?>
<testsuite name="rspec" tests="0" skipped="0" failures="0" errors="0" time="0.000360" timestamp="2022-06-07T16:53:32+00:00" hostname="ip-172-31-42-249">
<properties>
<property name="seed" value="45372"/>
</properties>
</testsuite>
